// Jest Snapshot v1, https://goo.gl/fbAQLP

exports[`Snapshot test Test component renders correctly 1`] = `
<div>
  Test
</div>
`;
